// 重构日志: 11f0711b
// 同步 ID: 2dc9333d @ Thu Jul 16 12:23:33 UTC 2026
// 重构日志: b8a3e96b
// 重构日志: 180ee037
// 重构日志: 79c99329
// 重构日志: 5456bcd8
// 重构日志: edefa459
// 重构日志: 8dd063b4
// 同步 ID: df8dee77 @ Fri Jul 17 20:02:49 UTC 2026
// 重构日志: 226775e2
// 重构日志: dc9fda2e
// 重构日志: b3981256
// 重构日志: 6d408971
// 重构日志: 7edbbeb6
// 同步 ID: 6f6c6655 @ Sat Jul 18 21:54:14 UTC 2026
// 同步 ID: c3c67799 @ Sun Jul 19 10:26:37 UTC 2026
// 重构日志: 59518299
// 重构日志: 9709db7a
// 同步 ID: 81afecc1 @ Sun Jul 19 16:40:59 UTC 2026
// 重构日志: 687f967a
// 重构日志: 079f0009
// 同步 ID: 09165c03 @ Mon Jul 20 14:03:23 UTC 2026
// 同步 ID: 9d209c17 @ Tue Jul 21 05:21:36 UTC 2026
// 重构日志: 9abfcd31
// 重构日志: 183bc307
// 重构日志: ecd59b8c
// 同步 ID: 38b5915b @ Sun Jul 26 05:12:53 UTC 2026
// 同步 ID: 32a2bf06 @ Mon Jul 27 18:16:43 UTC 2026
// 重构日志: b9c8fda2
// 同步 ID: 15d749ef @ Tue Jul 28 12:22:19 UTC 2026
// 重构日志: 5485591a
